To honour the JVM settings for this build a single-use Daemon process will be forked. For more on this, please refer to https://docs.gradle.org/8.14/userguide/gradle_daemon.html#sec:disabling_the_daemon in the Gradle documentation.
Daemon will be stopped at the end of the build 

> Configure project :
Architect Plugin: 3.4.162
Architectury Loom: 1.9.436
You are using an outdated version of Architectury Loom! This version will not receive any support, please consider updating!

> Task :fabric:checkKotlinGradlePluginConfigurationErrors SKIPPED
> Task :forge:checkKotlinGradlePluginConfigurationErrors SKIPPED
> Task :common:checkKotlinGradlePluginConfigurationErrors SKIPPED
> Task :common:compileKotlin NO-SOURCE

> Task :common:compileJava
./gradlew : C:\Users\Lenny\vs-energy-shields\vs-energy-shields\comm
on\src\main\java\com\mechanicalskies\vsshields\blockentity\TestComp
iler.java:9: error: cannot find symbol
строка:1 знак:1
+ ./gradlew compileJava --no-daemon > build_output.txt 2>&1
+ ~~~~~~~~~~~~~~~~~~~~~~~~~~~~~~~~~~~~~~~~~~~~~~~~~~~~~~~~~
    + CategoryInfo          : NotSpecified: (C:\Users\Lenny\...not 
    find symbol:String) [], RemoteException
    + FullyQualifiedErrorId : NativeCommandError
 
        Iterable<Ship> s1 = VSGameUtilsKt.getLoadedShips(level);
                                         ^
  symbol:   method getLoadedShips(Level)
  location: class VSGameUtilsKt
C:\Users\Lenny\vs-energy-shields\vs-energy-shields\common\src\main\
java\com\mechanicalskies\vsshields\blockentity\TestCompiler.java:11
: error: cannot find symbol
        org.valkyrienskies.core.api.ships.ShipObjectWorld w = VSGam
eUtilsKt.getShipObjectWorld(level);
                                         ^
  symbol:   class ShipObjectWorld
  location: package org.valkyrienskies.core.api.ships
Note: Some input files use or override a deprecated API.
Note: Recompile with -Xlint:deprecation for details.
2 errors

> Task :common:compileJava FAILED

[Incubating] Problems report is available at: file:///C:/Users/Lenny/vs-energy-shields/vs-energy-shields/build/reports/problems/problems-report.html

FAILURE: Build failed with an exception.

* What went wrong:
Execution failed for task ':common:compileJava'.
> Compilation failed; see the compiler output below.
  Note: Recompile with -Xlint:deprecation for details.
  C:\Users\Lenny\vs-energy-shields\vs-energy-shields\common\src\mai
n\java\com\mechanicalskies\vsshields\blockentity\TestCompiler.java:
11: error: cannot find symbol
          org.valkyrienskies.core.api.ships.ShipObjectWorld w = VSG
ameUtilsKt.getShipObjectWorld(level);
                                           ^
    symbol:   class ShipObjectWorld
    location: package org.valkyrienskies.core.api.ships
  Note: Some input files use or override a deprecated API.
  C:\Users\Lenny\vs-energy-shields\vs-energy-shields\common\src\mai
n\java\com\mechanicalskies\vsshields\blockentity\TestCompiler.java:
9: error: cannot find symbol
          Iterable<Ship> s1 = VSGameUtilsKt.getLoadedShips(level);
                                           ^
    symbol:   method getLoadedShips(Level)
    location: class VSGameUtilsKt
  2 errors

* Try:
> Check your code and dependencies to fix the compilation error(s)
> Run with --scan to get full insights.

Deprecated Gradle features were used in this build, making it incompatible with Gradle 9.0.

You can use '--warning-mode all' to show the individual deprecation warnings and determine if they come from your own scripts or plugins.

For more on this, please refer to https://docs.gradle.org/8.14/userguide/command_line_interface.html#sec:command_line_warnings in the Gradle documentation.

BUILD FAILED in 21s
1 actionable task: 1 executed
